================================================================================
TESTING 4 IMPROVEMENTS
================================================================================
2026-02-25 09:21:32,994 - INFO - Groq API key detected
2026-02-25 09:21:33,323 - INFO - Testing Groq model: openai/gpt-oss-120b...
python : --- Logging error ---
At line:1 char:1
+ python test_improvements.py > test_output.txt 2>&1 ; type test_output ...
+ ~~~~~~~~~~~~~~~~~~~~~~~~~~~~~~~~~~~~~~~~~~~~~~~~~~
    + CategoryInfo          : NotSpecified: (--- Logging error ---:String) [], 
    RemoteException
    + FullyQualifiedErrorId : NativeCommandError
 
Traceback (most recent call last):
  File "C:\Program Files\Python310\lib\logging\__init__.py", line 1101, in emit
    stream.write(msg + self.terminator)
  File "C:\Program Files\Python310\lib\encodings\cp1252.py", line 19, in encode
    return codecs.charmap_encode(input,self.errors,encoding_table)[0]
UnicodeEncodeError: 'charmap' codec can't encode character '\u2705' in 
position 33: character maps to <undefined>
Call stack:
  File "D:\voice_rx\test_improvements.py", line 23, in <module>
    extractor = AdvancedExtractor()
  File "D:\voice_rx\src\medical_system_v2.py", line 68, in __init__
    self.extractor = GroqLLMExtractor()
  File "D:\voice_rx\src\extraction.py", line 183, in __init__
    self.available_model = self._find_available_model()
  File "D:\voice_rx\src\extraction.py", line 1067, in _find_available_model
    logger.info(f"\u2705 Model available: {model}")
Message: '\u2705 Model available: openai/gpt-oss-120b'
Arguments: ()
2026-02-25 09:21:33,784 - INFO - [OK] Groq initialized - using openai/gpt-oss-120b
2026-02-25 09:21:33,784 - INFO - Running advanced extraction on 339 chars...
--- Logging error ---
Traceback (most recent call last):
  File "C:\Program Files\Python310\lib\logging\__init__.py", line 1101, in emit
    stream.write(msg + self.terminator)
  File "C:\Program Files\Python310\lib\encodings\cp1252.py", line 19, in encode
    return codecs.charmap_encode(input,self.errors,encoding_table)[0]
UnicodeEncodeError: 'charmap' codec can't encode characters in position 52-57: 
character maps to <undefined>
Call stack:
  File "D:\voice_rx\test_improvements.py", line 24, in <module>
    result = extractor.extract_advanced(test_text, use_ensemble=False)
  File "D:\voice_rx\src\medical_system_v2.py", line 74, in extract_advanced
    logger.info(f"Transcript begins: {transcript[:150]}...")
Message: 'Transcript begins: \u0645\u0631\u062d\u0628\u0627\u064b 
\u0633\u0627\u0631\u0629\u060c \u062a\u0639\u0627\u0646\u064a\u0646 
\u0645\u0646 \u0623\u0639\u0631\u0627\u0636 \u062a\u0634\u064a\u0631 
\u0625\u0644\u0649 \u0627\u0644\u062a\u0647\u0627\u0628 
\u0627\u0644\u062d\u0644\u0642 \u0627\u0644\u062d\u0627\u062f. 
\n\u062a\u0646\u0627\u0648\u0644\u064a 
\u0623\u0645\u0648\u0643\u0633\u064a\u0633\u064a\u0644\u064a\u0646 500 
\u0645\u0644\u063a \u062b\u0644\u0627\u062b \u0645\u0631\u0627\u062a 
\u064a\u0648\u0645\u064a\u0627\u064b \u0628\u0639\u062f 
\u0627\u0644\u0637\u0639\u0627\u0645 \u0644\u0645\u062f\u0629 7 
\u0623\u064a\u0627\u0645. \n\u062a\u0646\u0627\u0648\u0644\u064a 
\u0628\u0627\u0631\u0627\u0633\u064a\u062a\u0627\u0645\u0648\u0644 500...'
Arguments: ()
2026-02-25 09:21:33,785 - INFO - Extracting with Groq (openai/gpt-oss-120b)...
2026-02-25 09:21:36,922 - INFO - [OK] Groq extraction: 3 medicines, 1 diagnoses
2026-02-25 09:21:36,922 - INFO - Pre-improvement: medicines=3, diagnosis=1
2026-02-25 09:21:36,922 - INFO - Post-improvement: medicines=3, diagnosis=1
Traceback (most recent call last):
  File "D:\voice_rx\test_improvements.py", line 31, in <module>
    print(f"\n\u2713 FIX 1 - Patient Name Extraction (Arabic greeting):")
  File "C:\Program Files\Python310\lib\encodings\cp1252.py", line 19, in encode
    return codecs.charmap_encode(input,self.errors,encoding_table)[0]
UnicodeEncodeError: 'charmap' codec can't encode character '\u2713' in 
position 2: character maps to <undefined>
